=== case: off_ba ===
depth       : test=0 write=1 op=1 clear=1.000 order=B,A format=d32
WARNING: panvk is not a conformant Vulkan implementation, testing use only.
MESA: error: kbase: MEM_ALLOC req: va_pages=32768 commit_pages=0 extension=512 flags=0x2a0f kmod_flags=0x2
MESA: error: kbase: MEM_ALLOC req: va_pages=35157 commit_pages=0 extension=512 flags=0x2a0f kmod_flags=0x6
MESA: error: kbase: MEM_ALLOC req: va_pages=1 commit_pages=1 extension=0 flags=0x380f kmod_flags=0x40
MESA: error: kbase: MEM_ALLOC req: va_pages=4 commit_pages=4 extension=0 flags=0x280f kmod_flags=0x0
MESA: error: kbase: MEM_ALLOC req: va_pages=4 commit_pages=4 extension=0 flags=0x280f kmod_flags=0x0
[PANVK_DEBUG_BIND] image plane bind (non-sparse) base=0x7ba7ac1000 (mem->addr.dev=0x7ba7ac1000 offset=0)
MESA: error: kbase: MEM_ALLOC req: va_pages=4 commit_pages=4 extension=0 flags=0x380f kmod_flags=0x40
MESA: error: kbase: MEM_ALLOC req: va_pages=4 commit_pages=4 extension=0 flags=0x280f kmod_flags=0x0
[PANVK_DEBUG_BIND] image plane bind (non-sparse) base=0x7ba7ab6000 (mem->addr.dev=0x7ba7ab6000 offset=0)
MESA: error: kbase: MEM_ALLOC req: va_pages=4 commit_pages=4 extension=0 flags=0x1817 kmod_flags=0x41
[PANVK_DEBUG_SHADERBIN] stage=VERTEX bin_size=768 bytes:
  7b 0d 00 00 04 80 5e 00 c0 ab aa 00 00 c2 10 01
  3c 00 14 00 00 c3 90 00 03 02 0a 00 00 c4 a0 00
  44 00 14 10 00 c4 90 00 3c 00 04 10 00 c5 90 00
  05 42 0a 00 00 c2 a0 00 42 44 00 00 00 c2 a8 00
  c0 aa 2a 00 00 c4 10 01 43 04 0a 00 00 c3 a0 00
  02 00 14 00 00 c6 90 00 43 46 00 00 00 c3 a8 00
  42 00 04 10 00 c2 90 00 43 00 04 10 00 c3 90 00
  43 42 00 00 00 c2 a8 00 45 44 0a 00 00 c3 a0 00
  43 42 00 00 00 c2 a8 00 02 cf c0 1d 00 c3 b4 00
  42 43 00 00 00 c2 a8 00 02 c9 0a 18 00 c3 a0 00
  3c 43 01 00 00 c3 a8 00 7c c0 c0 80 02 c4 f8 00
  03 c0 c0 80 00 c5 f0 00 45 c0 44 11 01 c4 b4 00
  03 06 00 00 00 c5 10 01 44 c0 45 43 00 c3 50 01
  03 c4 c0 9c 04 c4 f8 00 03 c8 c0 98 04 c5 f8 00
  c0 c0 04 11 09 c6 b4 00 44 c0 05 11 01 c4 b4 00
  45 c0 46 10 01 c5 b4 00 44 c0 d0 c0 00 c4 50 01
  03 c9 c0 90 02 c6 f8 00 46 c0 c0 d0 00 c6 50 01
  03 c8 c0 9c 04 c7 f8 00 07 c0 46 44 00 c4 50 01
  43 c9 c0 94 04 c3 f8 00 45 c0 c0 d0 00 c5 50 01
  43 c0 c0 d0 00 c3 50 01 47 c0 43 45 00 c3 50 01
  42 c0 c0 80 00 c2 f0 00 c0 00 00 00 bf c5 10 01
  c0 00 00 80 be c6 10 01 02 c0 46 45 00 c5 50 01
  c0 00 00 80 3e c6 10 01 42 c0 86 46 00 c2 50 01
  44 86 05 00 00 c4 b2 00 43 86 45 00 00 c3 b2 00
  85 00 00 00 00 c5 91 00 42 82 45 00 00 c2 b2 00
  84 00 00 00 00 c5 91 00 44 81 45 00 00 c4 b2 00
  83 00 00 00 00 c5 91 00 43 80 45 00 00 c3 b2 00
  43 00 00 00 00 c6 91 00 44 00 00 00 00 c7 91 00
  42 00 00 00 00 c8 91 00 d0 00 00 00 00 c9 91 08
  40 00 00 79 08 46 61 78 00 00 00 00 00 00 00 00
  00 00 00 00 00 00 00 00 00 00 00 00 00 00 00 00
  00 00 00 00 00 00 00 00 00 00 00 00 00 00 00 00
  7b 0d 00 00 04 80 5e 00 3c 00 14 00 00 c2 90 00
  7c 00 04 10 00 c3 90 00 02 87 0a 00 00 c4 a0 00
  44 00 14 10 00 c4 90 00 03 87 0a 00 00 c5 a0 00
  45 44 00 00 00 c4 a8 00 42 88 0a 00 00 c2 a0 00
  04 00 14 00 00 c5 90 00 42 45 00 00 00 c2 a8 00
  44 00 04 10 00 c4 90 00 42 00 04 10 00 c2 90 00
  42 44 00 00 00 c2 a8 00 43 88 0a 00 00 c3 a0 00
  43 42 00 00 00 c2 a8 00 02 cf c0 1d 00 c3 b4 00
  42 43 00 00 00 c2 a8 00 42 c0 c0 80 00 c2 f0 00
  02 c0 d0 c0 00 c3 50 01 42 c0 c0 d0 00 c2 50 01
  c0 00 00 00 00 c4 91 00 d0 00 00 00 00 c5 91 08
  40 00 00 7a 08 42 61 78 00 00 00 00 00 00 00 00
  00 00 00 00 00 00 00 00 00 00 00 00 00 00 00 00
  00 00 00 00 00 00 00 00 00 00 00 00 00 00 00 00
  00 00 00 00 00 00 00 00 00 00 00 00 00 00 00 00
  00 00 00 00 00 00 00 00 00 00 00 00 00 00 00 00
[PANVK_DEBUG_SHADERBIN] stage=FRAGMENT bin_size=128 bytes:
  c0 00 00 30 08 80 5c 40 7c 03 ea 00 02 bc 7d 48
  84 00 3c 72 08 40 7f 78 c0 00 00 00 00 f0 10 01
  c0 85 00 00 10 c1 2f 00 00 00 00 00 00 00 00 00
  00 00 00 00 00 00 00 00 00 00 00 00 00 00 00 00
  00 00 00 00 00 00 00 00 00 00 00 00 00 00 00 00
  00 00 00 00 00 00 00 00 00 00 00 00 00 00 00 00
  00 00 00 00 00 00 00 00 00 00 00 00 00 00 00 00
  00 00 00 00 00 00 00 00 00 00 00 00 00 00 00 00
MESA: error: kbase: MEM_ALLOC req: va_pages=16 commit_pages=16 extension=0 flags=0x380f kmod_flags=0x40
MESA: error: kbase: MEM_ALLOC req: va_pages=16 commit_pages=16 extension=0 flags=0x380f kmod_flags=0x40
[PANVK_DEBUG_BLEND] rt=0 color_write_enables=0xff fmt=37 write_mask=0xf
[PANVK_DEBUG_BLENDFIX] blend_ptr.gpu=0x7ba78a6400 bd_count=1 state.blend_descs[0]=0xed00000000019
[PANVK_DEBUG_VP] VkViewport: w=64.000000 h=64.000000 x=0.000000 y=0.000000
[PANVK_DEBUG_VP] computed scale: x=32.000000 y=32.000000
[PANVK_DEBUG_VP] computed offset: x=32.000000 y=32.000000
[PANVK_DEBUG_VSFAU] gpu=0x7ba78a6410 count=5 bytes=40: 00 00 00 42 00 00 00 42 00 00 80 3f 00 00 00 42 00 00 00 42 00 00 00 00 00 00 40 3f ab aa 00 00 aa 2a 00 00 00 00 00 00
[PANVK_DEBUG_FSFAU] gpu=0x7ba78a6438 count=3 bytes=24: 00 00 00 00 00 00 00 00 00 00 00 00 00 00 00 00 19 00 00 00 00 d0 0e 00
[PANVK_DEBUG_TILERCTX] 192 byte Tiler Context desc: 00 00 00 00 00 00 00 00 ff 00 04 00 3f 00 3f 00 00 00 00 00 00 00 00 00 60 64 8a a7 7b 00 00 00 00 00 00 00 00 00 00 00 00 00 00 00 00 00 00 00 00 00 00 00 00 00 00 00 00 00 00 00 00 00 00 00 00 00 00 00 00 00 00 00 00 00 00 00 00 00 00 00 00 00 00 00 00 00 00 00 00 00 00 00 00 00 00 00 00 00 00 00 00 00 00 00 00 00 00 00 00 00 00 00 00 00 00 00 00 00 00 00 00 00 00 00 00 00 00 00 00 00 00 00 00 00 00 00 00 00 00 00 00 00 00 00 00 00 00 00 00 00 00 00 00 00 00 00 00 00 00 00 00 00 00 00 00 00 00 00 00 00 00 00 00 00 00 00 00 00 00 00 00 00 00 00 00 00 00 00 00 00 00 00
[PANVK_DEBUG_TILERHEAP] 32 byte Tiler Heap desc: 29 03 00 00 00 00 00 08 00 00 00 02 79 00 00 00 00 00 00 02 79 00 00 00 00 00 00 0a 79 00 00 00
[PANVK_DEBUG_FLAGS1] sample_mask=0xffff render_target_mask=0x1 bound_attachments=0x101
[PANVK_DEBUG_DS] 32 byte Depth/stencil desc: 07 00 00 00 00 00 00 00 00 00 00 00 00 00 00 00 00 00 c0 e4 00 00 00 00 00 00 00 00 00 00 00 00
[PANVK_DEBUG_BLENDRAW] 16 byte Blend desc(s): 00 0a 00 00 22 21 12 f0 19 00 00 00 00 d0 0e 00
[PANVK_DEBUG_MVJ] sesudah pan_jc_add_job gpu=0x7ba78a6580 header: type=11 (MALLOC_VERTEX == BENAR) index=1 dep1=0 dep2=0
[PANVK_DEBUG_MVJ] dump 384 byte job descriptor:
[PANVK_DEBUG_MVJ] +000: 00 00 00 00 00 00 00 00 00 00 00 00 00 00 00 00
[PANVK_DEBUG_MVJ] +016: 16 00 01 00 00 00 00 00 00 00 00 00 00 00 00 00
[PANVK_DEBUG_MVJ] +032: 08 80 07 00 06 00 00 00 00 00 00 00 06 00 00 00
[PANVK_DEBUG_MVJ] +048: 01 00 00 00 20 00 10 00 80 64 8a a7 7b 00 00 00
[PANVK_DEBUG_MVJ] +064: 00 00 00 00 00 00 00 00 00 00 00 00 00 00 00 00
[PANVK_DEBUG_MVJ] +080: 00 00 00 00 00 00 00 00 00 00 00 00 00 00 00 00
[PANVK_DEBUG_MVJ] +096: 00 00 00 00 00 00 00 00 00 00 00 00 3f 00 3f 00
[PANVK_DEBUG_MVJ] +112: 00 00 80 3f 00 00 00 00 00 00 00 00 00 00 00 00
[PANVK_DEBUG_MVJ] +128: 00 00 81 00 ff ff 01 00 01 00 00 00 00 00 00 00
[PANVK_DEBUG_MVJ] +144: 00 00 00 00 00 00 00 00 00 00 00 00 00 00 80 3f
[PANVK_DEBUG_MVJ] +160: 00 00 00 00 00 00 00 00 00 67 8a a7 7b 00 00 00
[PANVK_DEBUG_MVJ] +176: 01 64 8a a7 7b 00 00 00 00 00 00 00 00 00 00 00
[PANVK_DEBUG_MVJ] +192: 00 00 00 00 03 00 00 00 00 00 00 00 00 00 00 00
[PANVK_DEBUG_MVJ] +208: 00 00 00 00 00 00 00 00 00 00 00 00 00 00 00 00
[PANVK_DEBUG_MVJ] +224: c4 63 8a a7 7b 00 00 00 40 d1 ab a7 7b 00 00 00
[PANVK_DEBUG_MVJ] +240: 00 61 8a a7 7b 00 00 00 38 64 8a a7 7b 00 00 00
[PANVK_DEBUG_MVJ] +256: 00 00 00 00 05 00 00 00 00 00 00 00 00 00 00 00
[PANVK_DEBUG_MVJ] +272: 00 00 00 00 00 00 00 00 00 00 00 00 00 00 00 00
[PANVK_DEBUG_MVJ] +288: 44 63 8a a7 7b 00 00 00 c0 d0 ab a7 7b 00 00 00
[PANVK_DEBUG_MVJ] +304: 00 61 8a a7 7b 00 00 00 10 64 8a a7 7b 00 00 00
[PANVK_DEBUG_MVJ] +320: 00 00 00 00 05 00 00 00 00 00 00 00 00 00 00 00
[PANVK_DEBUG_MVJ] +336: 00 00 00 00 00 00 00 00 00 00 00 00 00 00 00 00
[PANVK_DEBUG_MVJ] +352: 44 63 8a a7 7b 00 00 00 00 d1 ab a7 7b 00 00 00
[PANVK_DEBUG_MVJ] +368: 00 61 8a a7 7b 00 00 00 10 64 8a a7 7b 00 00 00
[PANVK_DEBUG_MVJ] jc state: first_job=0x7ba78a6580 job_index=1 tiler_dep=1
[PANVK_DEBUG_BLEND] rt=0 color_write_enables=0xff fmt=37 write_mask=0xf
[PANVK_DEBUG_BLENDFIX] blend_ptr.gpu=0x7ba78a6a00 bd_count=1 state.blend_descs[0]=0xed00000000019
[PANVK_DEBUG_VSFAU] gpu=0x7ba78a6a10 count=5 bytes=40: 00 00 00 42 00 00 00 42 00 00 80 3f 00 00 00 42 00 00 00 42 00 00 00 00 00 00 40 3f ab aa 00 00 aa 2a 00 00 00 00 00 00
[PANVK_DEBUG_FSFAU] gpu=0x7ba78a6a38 count=3 bytes=24: 00 00 00 00 00 00 00 00 00 00 00 00 00 00 00 00 19 00 00 00 00 d0 0e 00
[PANVK_DEBUG_FLAGS1] sample_mask=0xffff render_target_mask=0x1 bound_attachments=0x101
[PANVK_DEBUG_DS] 32 byte Depth/stencil desc: 07 00 00 00 00 00 00 00 00 00 00 00 00 00 00 00 00 00 c0 e4 00 00 00 00 00 00 00 00 00 00 00 00
[PANVK_DEBUG_BLENDRAW] 16 byte Blend desc(s): 00 0a 00 00 22 21 12 f0 19 00 00 00 00 d0 0e 00
[PANVK_DEBUG_MVJ] sesudah pan_jc_add_job gpu=0x7ba78a6a80 header: type=11 (MALLOC_VERTEX == BENAR) index=2 dep1=0 dep2=1
[PANVK_DEBUG_MVJ] dump 384 byte job descriptor:
[PANVK_DEBUG_MVJ] +000: 00 00 00 00 00 00 00 00 00 00 00 00 00 00 00 00
[PANVK_DEBUG_MVJ] +016: 16 00 02 00 00 00 01 00 00 00 00 00 00 00 00 00
[PANVK_DEBUG_MVJ] +032: 08 80 07 00 00 00 00 00 00 00 00 00 06 00 00 00
[PANVK_DEBUG_MVJ] +048: 01 00 00 00 20 00 10 00 80 64 8a a7 7b 00 00 00
[PANVK_DEBUG_MVJ] +064: 00 00 00 00 00 00 00 00 00 00 00 00 00 00 00 00
[PANVK_DEBUG_MVJ] +080: 00 00 00 00 00 00 00 00 00 00 00 00 00 00 00 00
[PANVK_DEBUG_MVJ] +096: 00 00 00 00 00 00 00 00 00 00 00 00 3f 00 3f 00
[PANVK_DEBUG_MVJ] +112: 00 00 80 3f 00 00 00 00 00 00 00 00 00 00 00 00
[PANVK_DEBUG_MVJ] +128: 00 00 81 00 ff ff 01 00 01 00 00 00 00 00 00 00
[PANVK_DEBUG_MVJ] +144: 00 00 00 00 00 00 00 00 00 00 00 00 00 00 80 3f
[PANVK_DEBUG_MVJ] +160: 00 00 00 00 00 00 00 00 00 6c 8a a7 7b 00 00 00
[PANVK_DEBUG_MVJ] +176: 01 6a 8a a7 7b 00 00 00 00 00 00 00 00 00 00 00
[PANVK_DEBUG_MVJ] +192: 00 00 00 00 03 00 00 00 00 00 00 00 00 00 00 00
[PANVK_DEBUG_MVJ] +208: 00 00 00 00 00 00 00 00 00 00 00 00 00 00 00 00
[PANVK_DEBUG_MVJ] +224: c4 69 8a a7 7b 00 00 00 40 d1 ab a7 7b 00 00 00
[PANVK_DEBUG_MVJ] +240: 00 61 8a a7 7b 00 00 00 38 6a 8a a7 7b 00 00 00
[PANVK_DEBUG_MVJ] +256: 00 00 00 00 05 00 00 00 00 00 00 00 00 00 00 00
[PANVK_DEBUG_MVJ] +272: 00 00 00 00 00 00 00 00 00 00 00 00 00 00 00 00
[PANVK_DEBUG_MVJ] +288: 44 69 8a a7 7b 00 00 00 c0 d0 ab a7 7b 00 00 00
[PANVK_DEBUG_MVJ] +304: 00 61 8a a7 7b 00 00 00 10 6a 8a a7 7b 00 00 00
[PANVK_DEBUG_MVJ] +320: 00 00 00 00 05 00 00 00 00 00 00 00 00 00 00 00
[PANVK_DEBUG_MVJ] +336: 00 00 00 00 00 00 00 00 00 00 00 00 00 00 00 00
[PANVK_DEBUG_MVJ] +352: 44 69 8a a7 7b 00 00 00 00 d1 ab a7 7b 00 00 00
[PANVK_DEBUG_MVJ] +368: 00 61 8a a7 7b 00 00 00 10 6a 8a a7 7b 00 00 00
[PANVK_DEBUG_MVJ] jc state: first_job=0x7ba78a6580 job_index=2 tiler_dep=2
drawn       : quad B then quad A
[PANVK_DEBUG_RTFMT] rt=0 fmt=84 rt_count=1
[PANVK_DEBUG_RT] linear color attachment base=0x7ba7ab6000 row_stride=256 surf_stride=16384
[PANVK_DEBUG_FBD] gpu=0x7ba78a6000 size=256\n[PANVK_DEBUG_FBD] +000: 00 00 00 00 00 00 00 00 00 00 00 00 00 00 00 00\n[PANVK_DEBUG_FBD] +016: 00 90 ac a7 7b 00 00 00 00 00 00 00 00 00 00 00\n[PANVK_DEBUG_FBD] +032: 3f 00 3f 00 00 00 00 00 3f 00 3f 00 80 50 00 01\n[PANVK_DEBUG_FBD] +048: 00 00 26 00 00 00 80 3f 80 64 8a a7 7b 00 00 00\n[PANVK_DEBUG_FBD] +064: 00 00 00 00 00 00 00 00 00 00 00 00 00 00 00 00\n[PANVK_DEBUG_FBD] +080: 00 00 00 00 00 00 00 00 00 00 00 00 00 00 00 00\n[PANVK_DEBUG_FBD] +096: 00 00 00 00 00 00 00 00 00 00 00 00 00 00 00 00\n[PANVK_DEBUG_FBD] +112: 00 00 00 00 00 00 00 00 00 00 00 00 00 00 00 00\n[PANVK_DEBUG_FBD] +128: 2e 00 00 80 00 00 00 00 00 00 00 00 00 00 00 00\n[PANVK_DEBUG_FBD] +144: 00 00 00 00 00 00 00 00 00 00 00 00 00 00 00 00\n[PANVK_DEBUG_FBD] +160: 00 10 ac a7 7b 00 00 00 00 01 00 00 00 40 00 00\n[PANVK_DEBUG_FBD] +176: 00 00 00 00 00 00 00 00 00 00 00 00 00 00 00 00\n[PANVK_DEBUG_FBD] +192: 00 00 00 04 99 82 88 86 00 00 00 00 00 00 00 00\n[PANVK_DEBUG_FBD] +208: 00 00 00 00 00 00 00 00 00 00 00 00 00 00 00 00\n[PANVK_DEBUG_FBD] +224: 00 60 ab a7 7b 00 00 00 00 01 00 00 00 40 00 00\n[PANVK_DEBUG_FBD] +240: 00 00 00 ff 00 00 00 ff 00 00 00 ff 00 00 00 ff\n[PANVK_DEBUG_FBD] tagged_ptr=0x7ba78a6003 stride=256
[PANVK_DEBUG_FRAGJOB] gpu=0x7ba78a6c80 size=64\n[PANVK_DEBUG_FRAGJOB] +000: 00 00 00 00 00 00 00 00 00 00 00 00 00 00 00 00\n[PANVK_DEBUG_FRAGJOB] +016: 12 00 01 00 00 00 00 00 00 00 00 00 00 00 00 00\n[PANVK_DEBUG_FRAGJOB] +032: 00 00 00 00 03 00 03 00 03 60 8a a7 7b 00 00 00\n[PANVK_DEBUG_FRAGJOB] +048: 00 00 00 00 00 00 00 00 00 00 00 00 00 00 00 00\n[PANVK_DEBUG_SUBMIT] vtc_jc ret=0
[PANVK_DEBUG_JOBSTATUS] vtc_jc job[0] type=11 index=1 dep1=0 dep2=0 next=0x7ba78a6a80 exception_status=0x01 (DONE) first_incomplete_task=0 fault_pointer=0x0
[PANVK_DEBUG_JOBSTATUS] vtc_jc job[1] type=11 index=2 dep1=0 dep2=1 next=0x0 exception_status=0x01 (DONE) first_incomplete_task=0 fault_pointer=0x0
[PANVK_DEBUG_JOBSTATUS] vtc_jc job[2] type=9 index=1 dep1=0 dep2=0 next=0x0 exception_status=0x00 (NOT_STARTED) first_incomplete_task=0 fault_pointer=0x0
[PANVK_DEBUG_HEAP] SESUDAH vtc_jc (vertex+tiler) bo->flags=0x2 dev=0x7902000000 size=134217728 host=0x7902000000 mincore=absent -- UNREADABLE (I/O error) => halaman belum ter-commit, tiler tidak menulis apa pun
[PANVK_DEBUG_SUBMIT] frag_jc ret=0
[PANVK_DEBUG_JOBSTATUS] frag_jc job[0] type=11 index=1 dep1=0 dep2=0 next=0x7ba78a6a80 exception_status=0x01 (DONE) first_incomplete_task=0 fault_pointer=0x0
[PANVK_DEBUG_JOBSTATUS] frag_jc job[1] type=11 index=2 dep1=0 dep2=1 next=0x0 exception_status=0x01 (DONE) first_incomplete_task=0 fault_pointer=0x0
[PANVK_DEBUG_JOBSTATUS] frag_jc job[2] type=9 index=1 dep1=0 dep2=0 next=0x0 exception_status=0x01 (DONE) first_incomplete_task=0 fault_pointer=0x0
[PANVK_DEBUG_HEAP] SESUDAH frag_jc (fragment) bo->flags=0x2 dev=0x7902000000 size=134217728 host=0x7902000000 mincore=absent -- UNREADABLE (I/O error) => halaman belum ter-commit, tiler tidak menulis apa pun
vkQueueWaitIdle returned (no hang)

--- result: off_ba ---
colour      : red=576 green=320   model red=576 green=320   mismatching pixels=0
depth       : rowPitch=256 mismatching=0 max error=0 (tol 1e-06)
DEPTHFP off_ba fmt=d32 red=576 green=320 cbad=0 dbad=0 verdict=PASS
VISUAL_DUMP: /data/data/com.termux/files/home/panvk-g57/phase4/img/depth_d32_off_ba.ppm
DONE
