=== wsi cube: frames=300 step=1.0 dim=1000 present=fifo check every 30 ===
WARNING: panvk is not a conformant Vulkan implementation, testing use only.
surface     : supported=1 images 3..0 extent 1000x1000 usage 0x8009f
formats     : 50 44
presentmodes: 0 1 2 3
swapchain   : 4 images, format 44
WSIFP frame=0000 deg=    0.0 img=0 screen_bad=997832 edge=2168 fps=0.0 shown=none-of-last-3 bad_vs_prev=997831 first=(0,0) screen=0,0,0 model=32,32,40
WSIFP frame=0030 deg=   30.0 img=2 screen_bad=0 edge=3549 fps=74.7
WSIFP frame=0060 deg=   60.0 img=0 screen_bad=0 edge=3501 fps=70.6
WSIFP frame=0090 deg=   90.0 img=2 screen_bad=0 edge=3130 fps=73.9
WSIFP frame=0120 deg=  120.0 img=0 screen_bad=0 edge=2340 fps=68.8
WSIFP frame=0150 deg=  150.0 img=2 screen_bad=0 edge=3119 fps=64.3
WSIFP frame=0180 deg=  180.0 img=0 screen_bad=0 edge=3150 fps=73.7
WSIFP frame=0210 deg=  210.0 img=2 screen_bad=0 edge=3497 fps=68.7
WSIFP frame=0240 deg=  240.0 img=0 screen_bad=0 edge=3557 fps=71.9
WSIFP frame=0270 deg=  270.0 img=2 screen_bad=0 edge=2324 fps=76.1

--- result ---
frames=300 in 4.3 s = 69.2 fps (incl. checks), checked=10 bad_frames=1 screen_bad=997832
WSISUM present=fifo format=BGRA8 frames=300 checked=10 bad_frames=1 bad=997832 verdict=FAIL
DONE
