=== wsi cube: frames=300 step=1.0 dim=1000 present=fifo check every 30 ===
WARNING: panvk is not a conformant Vulkan implementation, testing use only.
surface     : supported=1 images 3..0 extent 1000x1000 usage 0x8009f
formats     : 50 44
presentmodes: 0 1 2 3
swapchain   : 4 images, format 44
WSIFP frame=0000 deg=    0.0 img=0 screen_bad=0 edge=2168 fps=0.0
WSIFP frame=0030 deg=   30.0 img=2 screen_bad=0 edge=3549 fps=56.4
WSIFP frame=0060 deg=   60.0 img=0 screen_bad=0 edge=3501 fps=48.1
WSIFP frame=0090 deg=   90.0 img=2 screen_bad=0 edge=3130 fps=48.3
WSIFP frame=0120 deg=  120.0 img=0 screen_bad=0 edge=2340 fps=47.1
WSIFP frame=0150 deg=  150.0 img=2 screen_bad=0 edge=3119 fps=61.5
WSIFP frame=0180 deg=  180.0 img=0 screen_bad=0 edge=3150 fps=60.3
WSIFP frame=0210 deg=  210.0 img=2 screen_bad=0 edge=3497 fps=58.1
WSIFP frame=0240 deg=  240.0 img=0 screen_bad=0 edge=3557 fps=60.8
WSIFP frame=0270 deg=  270.0 img=2 screen_bad=0 edge=2324 fps=50.6

--- result ---
frames=300 in 5.5 s = 54.2 fps (incl. checks), checked=10 bad_frames=0 screen_bad=0
WSISUM present=fifo format=BGRA8 frames=300 checked=10 bad_frames=0 bad=0 verdict=PASS
DONE
