=== wsi cube: frames=300 step=1.0 dim=1000 present=fifo check every 30 NEGATIVE CONTROL: model angle +3 ===
WARNING: panvk is not a conformant Vulkan implementation, testing use only.
surface     : supported=1 images 3..0 extent 1000x1000 usage 0x8009f
formats     : 50 44
presentmodes: 0 1 2 3
swapchain   : 4 images, format 44
WSIFP frame=0000 deg=    0.0 img=0 screen_bad=11467 edge=2504 fps=0.0 shown=frame-3 first=(283,283) screen=255,255,0 model=32,32,40
WSIFP frame=0030 deg=   30.0 img=2 screen_bad=16113 edge=3523 fps=49.8 shown=frame-3 first=(455,285) screen=32,32,40 model=255,0,255
WSIFP frame=0060 deg=   60.0 img=0 screen_bad=16259 edge=3493 fps=44.8 shown=frame-3 first=(569,229) screen=32,32,40 model=255,0,255
WSIFP frame=0090 deg=   90.0 img=2 screen_bad=11436 edge=3126 fps=47.3 shown=frame-3 first=(320,238) screen=32,32,40 model=255,0,255
WSIFP frame=0120 deg=  120.0 img=0 screen_bad=9741 edge=2349 fps=48.0 shown=frame-3 first=(423,195) screen=255,0,255 model=32,32,40
WSIFP frame=0150 deg=  150.0 img=2 screen_bad=11736 edge=3147 fps=40.7 shown=frame-3 first=(581,251) screen=255,255,0 model=32,32,40
WSIFP frame=0180 deg=  180.0 img=0 screen_bad=12462 edge=3123 fps=48.2 shown=frame-3 first=(341,257) screen=32,32,40 model=255,255,0
WSIFP frame=0210 deg=  210.0 img=2 screen_bad=16709 edge=3494 fps=46.1 shown=frame-3 first=(442,187) screen=32,32,40 model=255,255,0
WSIFP frame=0240 deg=  240.0 img=0 screen_bad=14186 edge=3020 fps=47.5 shown=frame-3 first=(579,218) screen=255,0,0 model=32,32,40
WSIFP frame=0270 deg=  270.0 img=2 screen_bad=11447 edge=2300 fps=47.2 shown=frame-3 first=(275,313) screen=255,0,0 model=32,32,40

--- result ---
frames=300 in 6.8 s = 44.3 fps (incl. checks), checked=10 bad_frames=10 screen_bad=131556
WSISUM present=fifo format=BGRA8 frames=300 checked=10 bad_frames=10 bad=131556 verdict=FAIL
DONE
