=== blend case: mask_blend ===
WARNING: panvk is not a conformant Vulkan implementation, testing use only.
MESA: error: kbase: MEM_ALLOC req: va_pages=32768 commit_pages=0 extension=512 flags=0x2a0f kmod_flags=0x2
MESA: error: kbase: MEM_ALLOC req: va_pages=35157 commit_pages=0 extension=512 flags=0x2a0f kmod_flags=0x6
MESA: error: kbase: MEM_ALLOC req: va_pages=1 commit_pages=1 extension=0 flags=0x380f kmod_flags=0x40
MESA: error: kbase: MEM_ALLOC req: va_pages=4 commit_pages=4 extension=0 flags=0x280f kmod_flags=0x0
MESA: error: kbase: MEM_ALLOC req: va_pages=4 commit_pages=4 extension=0 flags=0x280f kmod_flags=0x0
[PANVK_DEBUG_BIND] image plane bind (non-sparse) base=0x7bd7ed8000 (mem->addr.dev=0x7bd7ed8000 offset=0)
MESA: error: kbase: MEM_ALLOC req: va_pages=4 commit_pages=4 extension=0 flags=0x380f kmod_flags=0x40
MESA: error: kbase: MEM_ALLOC req: va_pages=4 commit_pages=4 extension=0 flags=0x1817 kmod_flags=0x41
[PANVK_DEBUG_SHADERBIN] stage=VERTEX bin_size=384 bytes:
  3c c8 c0 98 02 c0 f8 00 40 c0 c0 d0 00 c0 50 01
  3c c9 c0 90 02 c1 f8 00 01 c0 c0 d0 00 c2 50 01
  3c c8 c0 9c 04 c3 f8 00 03 c0 42 40 00 c0 50 01
  7b 0d 00 00 04 84 5e 00 3c c9 41 95 04 c1 f8 00
  7c c4 c0 9c 02 c2 f8 00 42 c0 c0 d0 00 c2 50 01
  41 c0 c0 d0 00 c1 50 01 43 c0 41 42 00 c1 50 01
  87 00 00 00 00 c2 91 00 89 42 00 00 10 c2 a4 00
  40 42 87 00 00 c0 b2 00 86 00 00 00 00 c2 91 00
  88 42 00 00 10 c2 a4 00 41 42 86 00 00 c1 b2 00
  85 00 00 00 00 c2 91 00 82 00 00 00 00 c3 91 00
  8a 43 42 00 00 c2 b2 00 40 8c d0 00 04 c0 b2 00
  84 00 00 00 00 c3 91 00 40 81 43 00 00 c0 b2 00
  41 8c d0 00 04 c1 b2 00 83 00 00 00 00 c3 91 00
  41 80 43 00 00 c1 b2 00 41 00 00 00 00 c6 91 00
  40 00 00 00 00 c7 91 00 42 00 00 00 00 c8 91 00
  d0 00 00 00 00 c9 91 08 44 00 00 00 00 c0 91 00
  45 00 00 00 00 c1 91 00 40 00 00 79 08 46 61 78
  00 00 00 00 00 00 00 00 00 00 00 00 00 00 00 00
  00 00 00 00 00 00 00 00 00 00 00 00 00 00 00 00
  00 00 00 00 00 00 00 00 00 00 00 00 00 00 00 00
  00 00 00 00 00 00 00 00 00 00 00 00 00 00 00 00
  00 00 00 00 00 00 00 00 00 00 00 00 00 00 00 00
  00 00 00 00 00 00 00 00 00 00 00 00 00 00 00 00
  00 00 00 00 00 00 00 00 00 00 00 00 00 00 00 00
[PANVK_DEBUG_SHADERBIN] stage=FRAGMENT bin_size=128 bytes:
  ea 00 00 00 00 c0 91 40 7c 89 40 00 02 bc 7d 08
  89 00 00 00 00 c3 91 68 88 00 00 00 00 c2 91 00
  86 00 00 00 00 c0 91 00 87 00 00 00 00 c1 91 48
  84 00 3c 32 08 40 7f 78 c0 00 00 00 00 f0 10 01
  c0 85 00 00 10 c1 2f 00 00 00 00 00 00 00 00 00
  00 00 00 00 00 00 00 00 00 00 00 00 00 00 00 00
  00 00 00 00 00 00 00 00 00 00 00 00 00 00 00 00
  00 00 00 00 00 00 00 00 00 00 00 00 00 00 00 00
MESA: error: kbase: MEM_ALLOC req: va_pages=16 commit_pages=16 extension=0 flags=0x380f kmod_flags=0x40
MESA: error: kbase: MEM_ALLOC req: va_pages=16 commit_pages=16 extension=0 flags=0x380f kmod_flags=0x40
[PANVK_DEBUG_BLEND] rt=0 color_write_enables=0xff fmt=37 write_mask=0xf
[PANVK_DEBUG_BLENDFIX] blend_ptr.gpu=0x7bd7eb03c0 bd_count=1 state.blend_descs[0]=0xed00000000019
[PANVK_DEBUG_VP] VkViewport: w=64.000000 h=64.000000 x=0.000000 y=0.000000
[PANVK_DEBUG_VP] computed scale: x=32.000000 y=32.000000
[PANVK_DEBUG_VP] computed offset: x=32.000000 y=32.000000
[PANVK_DEBUG_VSFAU] gpu=0x7bd7eb03d0 count=7 bytes=56: 00 00 00 42 00 00 00 42 00 00 80 3f 00 00 00 42 00 00 00 42 00 00 00 00 00 00 00 41 00 00 00 41 00 00 20 42 00 00 20 42 00 00 00 3f 00 00 00 00 00 00 00 3d 00 00 00 00
[PANVK_DEBUG_FSFAU] gpu=0x7bd7eb0408 count=5 bytes=40: 9a 99 99 3e 9a 99 19 3f 66 66 66 3f cd cc cc 3e 19 00 00 00 00 d0 0e 00 66 66 66 3f cd cc cc 3d 9a 99 99 3e 00 00 00 3f
[PANVK_DEBUG_TILERCTX] 192 byte Tiler Context desc: 00 00 00 00 00 00 00 00 ff 00 04 00 3f 00 3f 00 00 00 00 00 00 00 00 00 40 04 eb d7 7b 00 00 00 00 00 00 00 00 00 00 00 00 00 00 00 00 00 00 00 00 00 00 00 00 00 00 00 00 00 00 00 00 00 00 00 00 00 00 00 00 00 00 00 00 00 00 00 00 00 00 00 00 00 00 00 00 00 00 00 00 00 00 00 00 00 00 00 00 00 00 00 00 00 00 00 00 00 00 00 00 00 00 00 00 00 00 00 00 00 00 00 00 00 00 00 00 00 00 00 00 00 00 00 00 00 00 00 00 00 00 00 00 00 00 00 00 00 00 00 00 00 00 00 00 00 00 00 00 00 00 00 00 00 00 00 00 00 00 00 00 00 00 00 00 00 00 00 00 00 00 00 00 00 00 00 00 00 00 00 00 00 00 00
[PANVK_DEBUG_TILERHEAP] 32 byte Tiler Heap desc: 29 03 00 00 00 00 00 08 00 00 20 34 79 00 00 00 00 00 20 34 79 00 00 00 00 00 20 3c 79 00 00 00
[PANVK_DEBUG_FLAGS1] sample_mask=0xffff render_target_mask=0x1 bound_attachments=0x1
[PANVK_DEBUG_DS] 32 byte Depth/stencil desc: 07 00 00 00 00 00 00 00 00 00 00 00 00 00 00 00 00 00 c0 e4 00 00 00 00 00 00 00 00 00 00 00 00
[PANVK_DEBUG_BLENDRAW] 16 byte Blend desc(s): 00 0a 00 00 22 21 12 f0 19 00 00 00 00 d0 0e 00
[PANVK_DEBUG_MVJ] sesudah pan_jc_add_job gpu=0x7bd7eb0580 header: type=11 (MALLOC_VERTEX == BENAR) index=1 dep1=0 dep2=0
[PANVK_DEBUG_MVJ] dump 384 byte job descriptor:
[PANVK_DEBUG_MVJ] +000: 00 00 00 00 00 00 00 00 00 00 00 00 00 00 00 00
[PANVK_DEBUG_MVJ] +016: 16 00 01 00 00 00 00 00 00 00 00 00 00 00 00 00
[PANVK_DEBUG_MVJ] +032: 08 80 03 00 00 00 00 00 00 00 00 00 06 00 00 00
[PANVK_DEBUG_MVJ] +048: 01 00 00 00 10 00 00 00 80 04 eb d7 7b 00 00 00
[PANVK_DEBUG_MVJ] +064: 00 00 00 00 00 00 00 00 00 00 00 00 00 00 00 00
[PANVK_DEBUG_MVJ] +080: 00 00 00 00 00 00 00 00 00 00 00 00 00 00 00 00
[PANVK_DEBUG_MVJ] +096: 00 00 00 00 00 00 00 00 00 00 00 00 3f 00 3f 00
[PANVK_DEBUG_MVJ] +112: 00 00 80 3f 00 00 00 00 00 00 00 00 00 00 00 00
[PANVK_DEBUG_MVJ] +128: 00 00 81 00 ff ff 01 00 01 00 00 00 00 00 00 00
[PANVK_DEBUG_MVJ] +144: 00 00 00 00 00 00 00 00 00 00 00 00 00 00 80 3f
[PANVK_DEBUG_MVJ] +160: 00 00 00 00 00 00 00 00 00 07 eb d7 7b 00 00 00
[PANVK_DEBUG_MVJ] +176: c1 03 eb d7 7b 00 00 00 00 00 00 00 00 00 00 00
[PANVK_DEBUG_MVJ] +192: 00 00 00 00 05 00 00 00 00 00 00 00 00 00 00 00
[PANVK_DEBUG_MVJ] +208: 00 00 00 00 00 00 00 00 00 00 00 00 00 00 00 00
[PANVK_DEBUG_MVJ] +224: 84 03 eb d7 7b 00 00 00 c0 40 ed d7 7b 00 00 00
[PANVK_DEBUG_MVJ] +240: c0 00 eb d7 7b 00 00 00 08 04 eb d7 7b 00 00 00
[PANVK_DEBUG_MVJ] +256: 00 00 00 00 07 00 00 00 00 00 00 00 00 00 00 00
[PANVK_DEBUG_MVJ] +272: 00 00 00 00 00 00 00 00 00 00 00 00 00 00 00 00
[PANVK_DEBUG_MVJ] +288: 04 03 eb d7 7b 00 00 00 80 40 ed d7 7b 00 00 00
[PANVK_DEBUG_MVJ] +304: c0 00 eb d7 7b 00 00 00 d0 03 eb d7 7b 00 00 00
[PANVK_DEBUG_MVJ] +320: 00 00 00 00 00 00 00 00 00 00 00 00 00 00 00 00
[PANVK_DEBUG_MVJ] +336: 00 00 00 00 00 00 00 00 00 00 00 00 00 00 00 00
[PANVK_DEBUG_MVJ] +352: 00 00 00 00 00 00 00 00 00 00 00 00 00 00 00 00
[PANVK_DEBUG_MVJ] +368: 00 00 00 00 00 00 00 00 00 00 00 00 00 00 00 00
[PANVK_DEBUG_MVJ] jc state: first_job=0x7bd7eb0580 job_index=1 tiler_dep=1
[PANVK_DEBUG_BLEND] rt=0 color_write_enables=0xff fmt=37 write_mask=0xa
[PANVK_DEBUG_BLENDFIX] blend_ptr.gpu=0x7bd7eb0a00 bd_count=1 state.blend_descs[0]=0xed0000000001a
[PANVK_DEBUG_VSFAU] gpu=0x7bd7eb0a10 count=7 bytes=56: 00 00 00 42 00 00 00 42 00 00 80 3f 00 00 00 42 00 00 00 42 00 00 00 00 00 00 c0 41 00 00 c0 41 00 00 60 42 00 00 60 42 00 00 00 3f 00 00 00 00 00 00 00 3d 00 00 00 00
[PANVK_DEBUG_FSFAU] gpu=0x7bd7eb0a48 count=5 bytes=40: 9a 99 99 3e 9a 99 19 3f 66 66 66 3f cd cc cc 3e 1a 00 00 00 00 d0 0e 00 00 00 80 3e 00 00 40 3f 00 00 00 3f 9a 99 19 3f
[PANVK_DEBUG_FLAGS1] sample_mask=0xffff render_target_mask=0x1 bound_attachments=0x1
[PANVK_DEBUG_DS] 32 byte Depth/stencil desc: 07 00 00 00 00 00 00 00 00 00 00 00 00 00 00 00 00 00 c0 e4 00 00 00 00 00 00 00 00 00 00 00 00
[PANVK_DEBUG_BLENDRAW] 16 byte Blend desc(s): 01 0a 00 00 03 25 13 a0 1a 00 00 00 00 d0 0e 00
[PANVK_DEBUG_MVJ] sesudah pan_jc_add_job gpu=0x7bd7eb0a80 header: type=11 (MALLOC_VERTEX == BENAR) index=2 dep1=0 dep2=1
[PANVK_DEBUG_MVJ] dump 384 byte job descriptor:
[PANVK_DEBUG_MVJ] +000: 00 00 00 00 00 00 00 00 00 00 00 00 00 00 00 00
[PANVK_DEBUG_MVJ] +016: 16 00 02 00 00 00 01 00 00 00 00 00 00 00 00 00
[PANVK_DEBUG_MVJ] +032: 08 80 03 00 00 00 00 00 00 00 00 00 06 00 00 00
[PANVK_DEBUG_MVJ] +048: 01 00 00 00 10 00 00 00 80 04 eb d7 7b 00 00 00
[PANVK_DEBUG_MVJ] +064: 00 00 00 00 00 00 00 00 00 00 00 00 00 00 00 00
[PANVK_DEBUG_MVJ] +080: 00 00 00 00 00 00 00 00 00 00 00 00 00 00 00 00
[PANVK_DEBUG_MVJ] +096: 00 00 00 00 00 00 00 00 00 00 00 00 3f 00 3f 00
[PANVK_DEBUG_MVJ] +112: 00 00 80 3f 00 00 00 00 00 00 00 00 00 00 00 00
[PANVK_DEBUG_MVJ] +128: 00 00 81 00 ff ff 01 00 01 00 00 00 00 00 00 00
[PANVK_DEBUG_MVJ] +144: 00 00 00 00 00 00 00 00 00 00 00 00 00 00 80 3f
[PANVK_DEBUG_MVJ] +160: 00 00 00 00 00 00 00 00 00 0c eb d7 7b 00 00 00
[PANVK_DEBUG_MVJ] +176: 01 0a eb d7 7b 00 00 00 00 00 00 00 00 00 00 00
[PANVK_DEBUG_MVJ] +192: 00 00 00 00 05 00 00 00 00 00 00 00 00 00 00 00
[PANVK_DEBUG_MVJ] +208: 00 00 00 00 00 00 00 00 00 00 00 00 00 00 00 00
[PANVK_DEBUG_MVJ] +224: c4 09 eb d7 7b 00 00 00 c0 40 ed d7 7b 00 00 00
[PANVK_DEBUG_MVJ] +240: c0 00 eb d7 7b 00 00 00 48 0a eb d7 7b 00 00 00
[PANVK_DEBUG_MVJ] +256: 00 00 00 00 07 00 00 00 00 00 00 00 00 00 00 00
[PANVK_DEBUG_MVJ] +272: 00 00 00 00 00 00 00 00 00 00 00 00 00 00 00 00
[PANVK_DEBUG_MVJ] +288: 44 09 eb d7 7b 00 00 00 80 40 ed d7 7b 00 00 00
[PANVK_DEBUG_MVJ] +304: c0 00 eb d7 7b 00 00 00 10 0a eb d7 7b 00 00 00
[PANVK_DEBUG_MVJ] +320: 00 00 00 00 00 00 00 00 00 00 00 00 00 00 00 00
[PANVK_DEBUG_MVJ] +336: 00 00 00 00 00 00 00 00 00 00 00 00 00 00 00 00
[PANVK_DEBUG_MVJ] +352: 00 00 00 00 00 00 00 00 00 00 00 00 00 00 00 00
[PANVK_DEBUG_MVJ] +368: 00 00 00 00 00 00 00 00 00 00 00 00 00 00 00 00
[PANVK_DEBUG_MVJ] jc state: first_job=0x7bd7eb0580 job_index=2 tiler_dep=2
[PANVK_DEBUG_RTFMT] rt=0 fmt=84 rt_count=1
[PANVK_DEBUG_RT] linear color attachment base=0x7bd7ed8000 row_stride=256 surf_stride=16384
[PANVK_DEBUG_FBD] gpu=0x7bd7eb0000 size=192\n[PANVK_DEBUG_FBD] +000: 00 00 00 00 00 00 00 00 00 00 00 00 00 00 00 00\n[PANVK_DEBUG_FBD] +016: 00 20 42 d9 7b 00 00 00 00 00 00 00 00 00 00 00\n[PANVK_DEBUG_FBD] +032: 3f 00 3f 00 00 00 00 00 3f 00 3f 00 80 50 00 01\n[PANVK_DEBUG_FBD] +048: 00 00 01 00 00 00 00 00 80 04 eb d7 7b 00 00 00\n[PANVK_DEBUG_FBD] +064: 00 00 00 00 00 00 00 00 00 00 00 00 00 00 00 00\n[PANVK_DEBUG_FBD] +080: 00 00 00 00 00 00 00 00 00 00 00 00 00 00 00 00\n[PANVK_DEBUG_FBD] +096: 00 00 00 00 00 00 00 00 00 00 00 00 00 00 00 00\n[PANVK_DEBUG_FBD] +112: 00 00 00 00 00 00 00 00 00 00 00 00 00 00 00 00\n[PANVK_DEBUG_FBD] +128: 00 00 00 04 99 82 88 86 00 00 00 00 00 00 00 00\n[PANVK_DEBUG_FBD] +144: 00 00 00 00 00 00 00 00 00 00 00 00 00 00 00 00\n[PANVK_DEBUG_FBD] +160: 00 80 ed d7 7b 00 00 00 00 01 00 00 00 40 00 00\n[PANVK_DEBUG_FBD] +176: 33 66 99 cc 33 66 99 cc 33 66 99 cc 33 66 99 cc\n[PANVK_DEBUG_FBD] tagged_ptr=0x7bd7eb0001 stride=192
[PANVK_DEBUG_FRAGJOB] gpu=0x7bd7eb0c80 size=64\n[PANVK_DEBUG_FRAGJOB] +000: 00 00 00 00 00 00 00 00 00 00 00 00 00 00 00 00\n[PANVK_DEBUG_FRAGJOB] +016: 12 00 01 00 00 00 00 00 00 00 00 00 00 00 00 00\n[PANVK_DEBUG_FRAGJOB] +032: 00 00 00 00 03 00 03 00 01 00 eb d7 7b 00 00 00\n[PANVK_DEBUG_FRAGJOB] +048: 00 00 00 00 00 00 00 00 00 00 00 00 00 00 00 00\n[PANVK_DEBUG_SUBMIT] vtc_jc ret=0
[PANVK_DEBUG_JOBSTATUS] vtc_jc job[0] type=11 index=1 dep1=0 dep2=0 next=0x7bd7eb0a80 exception_status=0x01 (DONE) first_incomplete_task=0 fault_pointer=0x0
[PANVK_DEBUG_JOBSTATUS] vtc_jc job[1] type=11 index=2 dep1=0 dep2=1 next=0x0 exception_status=0x01 (DONE) first_incomplete_task=0 fault_pointer=0x0
[PANVK_DEBUG_JOBSTATUS] vtc_jc job[2] type=9 index=1 dep1=0 dep2=0 next=0x0 exception_status=0x00 (NOT_STARTED) first_incomplete_task=0 fault_pointer=0x0
[PANVK_DEBUG_HEAP] SESUDAH vtc_jc (vertex+tiler) bo->flags=0x2 dev=0x7934200000 size=134217728 host=0x7934200000 mincore=absent -- UNREADABLE (I/O error) => halaman belum ter-commit, tiler tidak menulis apa pun
[PANVK_DEBUG_SUBMIT] frag_jc ret=0
[PANVK_DEBUG_JOBSTATUS] frag_jc job[0] type=11 index=1 dep1=0 dep2=0 next=0x7bd7eb0a80 exception_status=0x01 (DONE) first_incomplete_task=0 fault_pointer=0x0
[PANVK_DEBUG_JOBSTATUS] frag_jc job[1] type=11 index=2 dep1=0 dep2=1 next=0x0 exception_status=0x01 (DONE) first_incomplete_task=0 fault_pointer=0x0
[PANVK_DEBUG_JOBSTATUS] frag_jc job[2] type=9 index=1 dep1=0 dep2=0 next=0x0 exception_status=0x01 (DONE) first_incomplete_task=0 fault_pointer=0x0
[PANVK_DEBUG_HEAP] SESUDAH frag_jc (fragment) bo->flags=0x2 dev=0x7934200000 size=134217728 host=0x7934200000 mincore=absent -- UNREADABLE (I/O error) => halaman belum ter-commit, tiler tidak menulis apa pun
  clear    ( 2, 2) got  51,102,153,204 model  51,102,153,204
  A        (12,12) got 229, 26, 77,128 model 230, 26, 77,128
  B/clear  (50,50) got  51,156,153,153 model  51,156,153,153
  B/A      (30,30) got 229,125, 77,153 model 230,125, 77,153
BLENDFP mask_blend bad=0 maxerr=1 verdict=PASS
PNG_DUMP: /data/data/com.termux/files/home/panvk-g57/phase4/img/blend/mask_blend.png
DONE
