info:  VK_EXT_swapchain_maintenance1
info:    swapchainMaintenance1                  : 1
info:  VK_EXT_hdr_metadata
info:    extension supported                    : 0
info:  VK_EXT_transform_feedback
info:    transformFeedback                      : 0
info:    geometryStreams                        : 0
info:  VK_EXT_vertex_attribute_divisor
info:    vertexAttributeInstanceRateDivisor     : 1
info:    vertexAttributeInstanceRateZeroDivisor : 1
info:  VK_KHR_external_memory_win32
info:    extension supported                    : 1
info:  VK_KHR_external_semaphore_win32
info:    extension supported                    : 1
info:  VK_KHR_maintenance5
info:    maintenance5                           : 1
info:  VK_KHR_present_id
info:    presentId                              : 1
info:  VK_KHR_present_wait
info:    presentWait                            : 1
info:  VK_NV_raw_access_chains
info:    shaderRawAccessChains                  : 0
info:  VK_NVX_binary_import
info:    extension supported                    : 0
info:  VK_NVX_image_view_handle
info:    extension supported                    : 0
info:  VK_KHR_win32_keyed_mutex
info:    extension supported                    : 1
info:  Queue families:
info:    Graphics : 0
info:    Transfer : 0
info:    Sparse   : n/a
info:  DXVK: Read 2 valid state cache entries
info:  DXVK: Graphics pipeline libraries supported
info:  Presenter: Actual swap chain properties:
info:    Format:       VK_FORMAT_B8G8R8A8_UNORM
info:    Color space:  VK_COLOR_SPACE_SRGB_NONLINEAR_KHR
info:    Present mode: VK_PRESENT_MODE_IMMEDIATE_KHR (dynamic: yes)
info:    Buffer size:  1084x686
info:    Image count:  4
info:    Exclusive FS: 2
AIODIAG [23:34:04.506] host: D3D11
AIODIAG [23:34:04.693] ImGui context + fonts loaded
AIODIAG [23:34:04.695] theme applied; bench history load: begin
AIODIAG [23:34:04.698] bench history load: end (0 runs)
AIODIAG [23:34:04.699] disk history load: begin
AIODIAG [23:34:04.705] disk history load: end (0 runs)
AIODIAG [23:34:04.766] ImGui Win32 + DX11 backends init; entering main loop
AIODIAG [23:34:04.786] first frame: begin
info:  DXVK: Using 8 compiler threads
info:  Presenter: Actual swap chain properties:
info:    Format:       VK_FORMAT_B8G8R8A8_UNORM
info:    Color space:  VK_COLOR_SPACE_SRGB_NONLINEAR_KHR
info:    Present mode: VK_PRESENT_MODE_FIFO_KHR (dynamic: yes)
info:    Buffer size:  1084x686
info:    Image count:  4
info:    Exclusive FS: 2
err:   readMonitorEdidFromKey: Failed to get EDID reg key size
err:   DXGI: Failed to parse display metadata + colorimetry info, using blank.
AIODIAG [23:34:10.937] first frame: presented OK
