WARNING: panvk is not a conformant Vulkan implementation, testing use only.
NEGOTIATE r=0 version=5
MESA: warning: Gralloc doesn't support lock_ycbcr (video buffers won't be supported)
MESA: info: Using fallback gralloc implementation
DEVICES 1
RENDERER Apex(Mali-G57 MC2) vendor=0x13b5 device=0x90930010
VERSION 1.3.354 driver=0x6802063
EXTENSIONS 158
REQ_EXT VK_KHR_swapchain                         yes
REQ_EXT VK_KHR_create_renderpass2                yes
REQ_EXT VK_KHR_depth_stencil_resolve             yes
REQ_EXT VK_KHR_draw_indirect_count               yes
REQ_EXT VK_KHR_driver_properties                 yes
REQ_EXT VK_KHR_image_format_list                 yes
REQ_EXT VK_KHR_sampler_mirror_clamp_to_edge      yes
REQ_EXT VK_KHR_shader_draw_parameters            yes
FEAT robustBufferAccess                   yes
FEAT fullDrawIndexUint32                  yes
FEAT imageCubeArray                       yes
FEAT independentBlend                     yes
FEAT geometryShader                       no
FEAT tessellationShader                   no
FEAT sampleRateShading                    yes
FEAT dualSrcBlend                         yes
FEAT logicOp                              yes
FEAT multiDrawIndirect                    yes
FEAT drawIndirectFirstInstance            yes
FEAT depthClamp                           yes
FEAT depthBiasClamp                       yes
FEAT fillModeNonSolid                     yes
FEAT depthBounds                          no
FEAT multiViewport                        yes
FEAT samplerAnisotropy                    yes
FEAT textureCompressionBC                 yes
FEAT occlusionQueryPrecise                yes
FEAT pipelineStatisticsQuery              no
FEAT vertexPipelineStoresAndAtomics       no
FEAT fragmentStoresAndAtomics             yes
FEAT shaderImageGatherExtended            yes
FEAT shaderStorageImageExtendedFormats    yes
FEAT shaderStorageImageWriteWithoutFormat yes
FEAT shaderClipDistance                   yes
FEAT shaderCullDistance                   yes
FEAT shaderFloat64                        no
FEAT shaderInt64                          yes
FEAT variableMultisampleRate              no
FEAT shaderResourceMinLod                 no
FEAT robustBufferAccess2                  no
FEAT nullDescriptor                       yes
QUEUE_FAMILIES 1 (fam0 flags=0x7 count=1)
CREATE_DEVICE r=0 (exts=9)
SUBMIT r=0 WAITIDLE r=0
MISSING_REQUIRED 0
RESULT ok
